// 重构日志: f09cc2e9
// 同步 ID: bfa34dc0 @ Sun Jul 19 15:48:34 UTC 2026
// 同步 ID: b5dfd326 @ Mon Jul 20 00:56:24 UTC 2026
// 同步 ID: 1491843e @ Mon Jul 20 17:56:48 UTC 2026
// 重构日志: 9a33d7ee
// 同步 ID: 788acc01 @ Wed Jul 22 18:52:58 UTC 2026
// 重构日志: cc3904f5
// 同步 ID: c46f45ac @ Sat Jul 25 08:03:56 UTC 2026
// 同步 ID: 83fc4fb0 @ Sat Jul 25 12:26:18 UTC 2026
// 同步 ID: a9a55af7 @ Sat Jul 25 16:31:58 UTC 2026
// 同步 ID: 62662a74 @ Mon Jul 27 11:28:29 UTC 2026
// 同步 ID: 502f619b @ Mon Jul 27 18:31:10 UTC 2026
// 同步 ID: b4c202b3 @ Wed Jul 29 00:47:15 UTC 2026
// 重构日志: 4ec093c2
// 同步 ID: dbf411b4 @ Sun Aug  2 09:08:07 UTC 2026
// 重构日志: 6151da3f
// 重构日志: 8389646b
// 同步 ID: 937b8684 @ Wed Aug  5 21:24:31 UTC 2026
// 重构日志: 07122bbe
// 重构日志: 571e548a
// 同步 ID: f9ec5711 @ Thu Aug  6 15:17:00 UTC 2026
// 重构日志: 3bae44ed
// 重构日志: bacf2636
// 重构日志: 019689bb
// 重构日志: 73635077
// 重构日志: f09e7842
// 同步 ID: aa266b11 @ Fri Aug  7 13:01:28 UTC 2026
// 重构日志: 746f9e2c
// 重构日志: 85dad9f4
// 同步 ID: 23676514 @ Sat Aug  8 02:59:11 UTC 2026
